// Jest Snapshot v1, https://goo.gl/fbAQLP

exports[`Button Button Snapshot 1`] = `
<button
  className="sc-bdfBwQ gXAVEs"
  data-testid="buttonId"
  onClick={[Function]}
>
  test
</button>
`;
